2' = 16'0
2'1 = 16'1
2'10 = 16'2
2'11 = 16'3
2'100 = 16'4
2'101 = 16'5
2'110 = 16'6
2'111 = 16'7
2'1000 = 16'8
2'1001 = 16'9
2'1010 = 16'a
2'1011 = 16'b
2'1100 = 16'c
2'1101 = 16'd
2'1110 = 16'e
2'1111 = 16'f
2'10000 = 16'10
2'10001 = 16'11
2'1111111111111111 = 16'ffff
2'11111111111111111 = 16'1ffff
2'00001111111111111111 = 16'0ffff
2'000011111111111111111 = 16'01ffff
