log/smt2perr053.smt2:1:11: illegal (non-printable) character (code 195)
