log/smt2perr022.smt2:1:3: unexpected character 'a' after backslash '\\' in string
