log/smt2perr062.smt2:1:9: illegal (non-printable) character (code 195)
