log/smt2perr055.smt2:1:19: illegal (non-printable) character (code 12)
