sat
[btoropt] btor_opt_check_solver_supports_timeout: WARNING: SAT solver CryptoMiniSat does not support termination functions; timeout option may not have effect
